[02:07:25] [ServerMain/INFO]: [bootstrap] Running Java 21 (OpenJDK 64-Bit Server VM 21.0.10+7-Ubuntu-124.04; Ubuntu null) on Linux 6.8.0-1044-azure (amd64)
[02:07:25] [ServerMain/INFO]: [bootstrap] Loading Paper 1.21.5-114-ver/1.21.5@a1b3058 (2025-06-18T10:59:02Z) for Minecraft 1.21.5
[02:07:25] [ServerMain/INFO]: [PluginInitializerManager] Initializing plugins...
[02:07:26] [ServerMain/INFO]: [PluginInitializerManager] Initialized 0 plugins
[02:07:30] [ServerMain/INFO]: Environment: Environment[sessionHost=https://sessionserver.mojang.com, servicesHost=https://api.minecraftservices.com, name=PROD]
[02:07:32] [Worker-Main-1/WARN]: Found loot table element validation problem in {minecraft:loot_table/minecraft:entities/player}.pools[1].entries[0]: Unknown loot table called player_heads:entities/player
[02:07:32] [Worker-Main-1/WARN]: Found loot table element validation problem in {minecraft:loot_table/minecraft:entities/shulker}.pools[2].entries[0]: Unknown loot table called more_mob_heads:entities/shulker
[02:07:33] [ServerMain/INFO]: Loaded 1431 recipes
[02:07:33] [ServerMain/INFO]: Loaded 1702 advancements
[02:07:33] [Server thread/INFO]: Starting minecraft server version 1.21.5
[02:07:33] [Server thread/INFO]: Loading properties
[02:07:33] [Server thread/INFO]: This server is running Paper version 1.21.5-114-ver/1.21.5@a1b3058 (2025-06-18T10:59:02Z) (Implementing API version 1.21.5-R0.1-SNAPSHOT)
[02:07:33] [Server thread/INFO]: [spark] This server bundles the spark profiler. For more information please visit https://docs.papermc.io/paper/profiling
[02:07:33] [Server thread/INFO]: Server Ping Player Sample Count: 12
[02:07:33] [Server thread/INFO]: Using 4 threads for Netty based IO
[02:07:34] [Server thread/INFO]: [MoonriseCommon] Paper is using 1 worker threads, 1 I/O threads
[02:07:34] [Server thread/INFO]: [ChunkTaskScheduler] Chunk system is using population gen parallelism: true
[02:07:34] [Server thread/INFO]: Default game type: SURVIVAL
[02:07:34] [Server thread/INFO]: Generating keypair
[02:07:35] [Server thread/INFO]: Starting Minecraft server on *:25565
[02:07:35] [Server thread/INFO]: Using epoll channel type
[02:07:35] [Server thread/INFO]: Paper: Using libdeflate (Linux x86_64) compression from Velocity.
[02:07:35] [Server thread/INFO]: Paper: Using OpenSSL 3.x.x (Linux x86_64) cipher from Velocity.
[02:07:35] [Server thread/INFO]: Server permissions file permissions.yml is empty, ignoring it
[02:07:35] [Server thread/WARN]: **** SERVER IS RUNNING IN OFFLINE/INSECURE MODE!
[02:07:35] [Server thread/WARN]: The server will make no attempt to authenticate usernames. Beware.
[02:07:35] [Server thread/WARN]: While this makes the game possible to play without internet access, it also opens up the ability for hackers to connect with any username they choose.
[02:07:35] [Server thread/WARN]: To change this, set "online-mode" to "true" in the server.properties file.
[02:07:35] [Server thread/INFO]: Preparing level "world"
[02:07:35] [Server thread/ERROR]: Error loading saved data: SavedDataType[chunks]
java.lang.ArrayIndexOutOfBoundsException: arraycopy: length -1 is negative
	at java.base/java.lang.System.arraycopy(Native Method) ~[?:?]
	at java.base/java.io.PushbackInputStream.unread(PushbackInputStream.java:247) ~[?:?]
	at net.minecraft.world.level.storage.DimensionDataStorage.isGzip(DimensionDataStorage.java:140) ~[paper-1.21.5.jar:1.21.5-114-a1b3058]
	at net.minecraft.world.level.storage.DimensionDataStorage.readTagFromDisk(DimensionDataStorage.java:113) ~[paper-1.21.5.jar:1.21.5-114-a1b3058]
	at net.minecraft.world.level.storage.DimensionDataStorage.readSavedData(DimensionDataStorage.java:86) ~[paper-1.21.5.jar:1.21.5-114-a1b3058]
	at net.minecraft.world.level.storage.DimensionDataStorage.get(DimensionDataStorage.java:74) ~[paper-1.21.5.jar:1.21.5-114-a1b3058]
	at net.minecraft.world.level.storage.DimensionDataStorage.computeIfAbsent(DimensionDataStorage.java:60) ~[paper-1.21.5.jar:1.21.5-114-a1b3058]
	at net.minecraft.server.level.ServerChunkCache.<init>(ServerChunkCache.java:214) ~[paper-1.21.5.jar:1.21.5-114-a1b3058]
	at net.minecraft.server.level.ServerLevel.<init>(ServerLevel.java:616) ~[paper-1.21.5.jar:1.21.5-114-a1b3058]
	at net.minecraft.server.MinecraftServer.loadWorld0(MinecraftServer.java:686) ~[paper-1.21.5.jar:1.21.5-114-a1b3058]
	at net.minecraft.server.MinecraftServer.loadLevel(MinecraftServer.java:486) ~[paper-1.21.5.jar:1.21.5-114-a1b3058]
	at net.minecraft.server.dedicated.DedicatedServer.initServer(DedicatedServer.java:280) ~[paper-1.21.5.jar:1.21.5-114-a1b3058]
	at net.minecraft.server.MinecraftServer.runServer(MinecraftServer.java:1161) ~[paper-1.21.5.jar:1.21.5-114-a1b3058]
	at net.minecraft.server.MinecraftServer.lambda$spin$2(MinecraftServer.java:308) ~[paper-1.21.5.jar:1.21.5-114-a1b3058]
	at java.base/java.lang.Thread.run(Thread.java:1583) ~[?:?]
[02:07:35] [Server thread/ERROR]: Error loading saved data: SavedDataType[raids]
java.lang.ArrayIndexOutOfBoundsException: arraycopy: length -1 is negative
	at java.base/java.lang.System.arraycopy(Native Method) ~[?:?]
	at java.base/java.io.PushbackInputStream.unread(PushbackInputStream.java:247) ~[?:?]
	at net.minecraft.world.level.storage.DimensionDataStorage.isGzip(DimensionDataStorage.java:140) ~[paper-1.21.5.jar:1.21.5-114-a1b3058]
	at net.minecraft.world.level.storage.DimensionDataStorage.readTagFromDisk(DimensionDataStorage.java:113) ~[paper-1.21.5.jar:1.21.5-114-a1b3058]
	at net.minecraft.world.level.storage.DimensionDataStorage.readSavedData(DimensionDataStorage.java:86) ~[paper-1.21.5.jar:1.21.5-114-a1b3058]
	at net.minecraft.world.level.storage.DimensionDataStorage.get(DimensionDataStorage.java:74) ~[paper-1.21.5.jar:1.21.5-114-a1b3058]
	at net.minecraft.world.level.storage.DimensionDataStorage.computeIfAbsent(DimensionDataStorage.java:60) ~[paper-1.21.5.jar:1.21.5-114-a1b3058]
	at net.minecraft.server.level.ServerLevel.<init>(ServerLevel.java:631) ~[paper-1.21.5.jar:1.21.5-114-a1b3058]
	at net.minecraft.server.MinecraftServer.loadWorld0(MinecraftServer.java:686) ~[paper-1.21.5.jar:1.21.5-114-a1b3058]
	at net.minecraft.server.MinecraftServer.loadLevel(MinecraftServer.java:486) ~[paper-1.21.5.jar:1.21.5-114-a1b3058]
	at net.minecraft.server.dedicated.DedicatedServer.initServer(DedicatedServer.java:280) ~[paper-1.21.5.jar:1.21.5-114-a1b3058]
	at net.minecraft.server.MinecraftServer.runServer(MinecraftServer.java:1161) ~[paper-1.21.5.jar:1.21.5-114-a1b3058]
	at net.minecraft.server.MinecraftServer.lambda$spin$2(MinecraftServer.java:308) ~[paper-1.21.5.jar:1.21.5-114-a1b3058]
	at java.base/java.lang.Thread.run(Thread.java:1583) ~[?:?]
[02:07:35] [Server thread/ERROR]: Error loading saved data: SavedDataType[random_sequences]
java.lang.ArrayIndexOutOfBoundsException: arraycopy: length -1 is negative
	at java.base/java.lang.System.arraycopy(Native Method) ~[?:?]
	at java.base/java.io.PushbackInputStream.unread(PushbackInputStream.java:247) ~[?:?]
	at net.minecraft.world.level.storage.DimensionDataStorage.isGzip(DimensionDataStorage.java:140) ~[paper-1.21.5.jar:1.21.5-114-a1b3058]
	at net.minecraft.world.level.storage.DimensionDataStorage.readTagFromDisk(DimensionDataStorage.java:113) ~[paper-1.21.5.jar:1.21.5-114-a1b3058]
	at net.minecraft.world.level.storage.DimensionDataStorage.readSavedData(DimensionDataStorage.java:86) ~[paper-1.21.5.jar:1.21.5-114-a1b3058]
	at net.minecraft.world.level.storage.DimensionDataStorage.get(DimensionDataStorage.java:74) ~[paper-1.21.5.jar:1.21.5-114-a1b3058]
	at net.minecraft.world.level.storage.DimensionDataStorage.computeIfAbsent(DimensionDataStorage.java:60) ~[paper-1.21.5.jar:1.21.5-114-a1b3058]
	at net.minecraft.server.level.ServerLevel.lambda$new$3(ServerLevel.java:658) ~[paper-1.21.5.jar:1.21.5-114-a1b3058]
	at java.base/java.util.Objects.requireNonNullElseGet(Objects.java:334) ~[?:?]
	at net.minecraft.server.level.ServerLevel.<init>(ServerLevel.java:658) ~[paper-1.21.5.jar:1.21.5-114-a1b3058]
	at net.minecraft.server.MinecraftServer.loadWorld0(MinecraftServer.java:686) ~[paper-1.21.5.jar:1.21.5-114-a1b3058]
	at net.minecraft.server.MinecraftServer.loadLevel(MinecraftServer.java:486) ~[paper-1.21.5.jar:1.21.5-114-a1b3058]
	at net.minecraft.server.dedicated.DedicatedServer.initServer(DedicatedServer.java:280) ~[paper-1.21.5.jar:1.21.5-114-a1b3058]
	at net.minecraft.server.MinecraftServer.runServer(MinecraftServer.java:1161) ~[paper-1.21.5.jar:1.21.5-114-a1b3058]
	at net.minecraft.server.MinecraftServer.lambda$spin$2(MinecraftServer.java:308) ~[paper-1.21.5.jar:1.21.5-114-a1b3058]
	at java.base/java.lang.Thread.run(Thread.java:1583) ~[?:?]
[02:07:35] [Server thread/ERROR]: Error loading saved data: SavedDataType[scoreboard]
java.lang.ArrayIndexOutOfBoundsException: arraycopy: length -1 is negative
	at java.base/java.lang.System.arraycopy(Native Method) ~[?:?]
	at java.base/java.io.PushbackInputStream.unread(PushbackInputStream.java:247) ~[?:?]
	at net.minecraft.world.level.storage.DimensionDataStorage.isGzip(DimensionDataStorage.java:140) ~[paper-1.21.5.jar:1.21.5-114-a1b3058]
	at net.minecraft.world.level.storage.DimensionDataStorage.readTagFromDisk(DimensionDataStorage.java:113) ~[paper-1.21.5.jar:1.21.5-114-a1b3058]
	at net.minecraft.world.level.storage.DimensionDataStorage.readSavedData(DimensionDataStorage.java:86) ~[paper-1.21.5.jar:1.21.5-114-a1b3058]
	at net.minecraft.world.level.storage.DimensionDataStorage.get(DimensionDataStorage.java:74) ~[paper-1.21.5.jar:1.21.5-114-a1b3058]
	at net.minecraft.world.level.storage.DimensionDataStorage.computeIfAbsent(DimensionDataStorage.java:60) ~[paper-1.21.5.jar:1.21.5-114-a1b3058]
	at net.minecraft.server.MinecraftServer.readScoreboard(MinecraftServer.java:475) ~[paper-1.21.5.jar:1.21.5-114-a1b3058]
	at net.minecraft.server.MinecraftServer.loadWorld0(MinecraftServer.java:689) ~[paper-1.21.5.jar:1.21.5-114-a1b3058]
	at net.minecraft.server.MinecraftServer.loadLevel(MinecraftServer.java:486) ~[paper-1.21.5.jar:1.21.5-114-a1b3058]
	at net.minecraft.server.dedicated.DedicatedServer.initServer(DedicatedServer.java:280) ~[paper-1.21.5.jar:1.21.5-114-a1b3058]
	at net.minecraft.server.MinecraftServer.runServer(MinecraftServer.java:1161) ~[paper-1.21.5.jar:1.21.5-114-a1b3058]
	at net.minecraft.server.MinecraftServer.lambda$spin$2(MinecraftServer.java:308) ~[paper-1.21.5.jar:1.21.5-114-a1b3058]
	at java.base/java.lang.Thread.run(Thread.java:1583) ~[?:?]
[02:07:35] [Server thread/ERROR]: Error loading saved data: SavedDataType[chunks]
java.lang.ArrayIndexOutOfBoundsException: arraycopy: length -1 is negative
	at java.base/java.lang.System.arraycopy(Native Method) ~[?:?]
	at java.base/java.io.PushbackInputStream.unread(PushbackInputStream.java:247) ~[?:?]
	at net.minecraft.world.level.storage.DimensionDataStorage.isGzip(DimensionDataStorage.java:140) ~[paper-1.21.5.jar:1.21.5-114-a1b3058]
	at net.minecraft.world.level.storage.DimensionDataStorage.readTagFromDisk(DimensionDataStorage.java:113) ~[paper-1.21.5.jar:1.21.5-114-a1b3058]
	at net.minecraft.world.level.storage.DimensionDataStorage.readSavedData(DimensionDataStorage.java:86) ~[paper-1.21.5.jar:1.21.5-114-a1b3058]
	at net.minecraft.world.level.storage.DimensionDataStorage.get(DimensionDataStorage.java:74) ~[paper-1.21.5.jar:1.21.5-114-a1b3058]
	at net.minecraft.world.level.storage.DimensionDataStorage.computeIfAbsent(DimensionDataStorage.java:60) ~[paper-1.21.5.jar:1.21.5-114-a1b3058]
	at net.minecraft.server.level.ServerChunkCache.<init>(ServerChunkCache.java:214) ~[paper-1.21.5.jar:1.21.5-114-a1b3058]
	at net.minecraft.server.level.ServerLevel.<init>(ServerLevel.java:616) ~[paper-1.21.5.jar:1.21.5-114-a1b3058]
	at net.minecraft.server.MinecraftServer.loadWorld0(MinecraftServer.java:703) ~[paper-1.21.5.jar:1.21.5-114-a1b3058]
	at net.minecraft.server.MinecraftServer.loadLevel(MinecraftServer.java:486) ~[paper-1.21.5.jar:1.21.5-114-a1b3058]
	at net.minecraft.server.dedicated.DedicatedServer.initServer(DedicatedServer.java:280) ~[paper-1.21.5.jar:1.21.5-114-a1b3058]
	at net.minecraft.server.MinecraftServer.runServer(MinecraftServer.java:1161) ~[paper-1.21.5.jar:1.21.5-114-a1b3058]
	at net.minecraft.server.MinecraftServer.lambda$spin$2(MinecraftServer.java:308) ~[paper-1.21.5.jar:1.21.5-114-a1b3058]
	at java.base/java.lang.Thread.run(Thread.java:1583) ~[?:?]
[02:07:35] [Server thread/ERROR]: Error loading saved data: SavedDataType[raids]
java.lang.ArrayIndexOutOfBoundsException: arraycopy: length -1 is negative
	at java.base/java.lang.System.arraycopy(Native Method) ~[?:?]
	at java.base/java.io.PushbackInputStream.unread(PushbackInputStream.java:247) ~[?:?]
	at net.minecraft.world.level.storage.DimensionDataStorage.isGzip(DimensionDataStorage.java:140) ~[paper-1.21.5.jar:1.21.5-114-a1b3058]
	at net.minecraft.world.level.storage.DimensionDataStorage.readTagFromDisk(DimensionDataStorage.java:113) ~[paper-1.21.5.jar:1.21.5-114-a1b3058]
	at net.minecraft.world.level.storage.DimensionDataStorage.readSavedData(DimensionDataStorage.java:86) ~[paper-1.21.5.jar:1.21.5-114-a1b3058]
	at net.minecraft.world.level.storage.DimensionDataStorage.get(DimensionDataStorage.java:74) ~[paper-1.21.5.jar:1.21.5-114-a1b3058]
	at net.minecraft.world.level.storage.DimensionDataStorage.computeIfAbsent(DimensionDataStorage.java:60) ~[paper-1.21.5.jar:1.21.5-114-a1b3058]
	at net.minecraft.server.level.ServerLevel.<init>(ServerLevel.java:631) ~[paper-1.21.5.jar:1.21.5-114-a1b3058]
	at net.minecraft.server.MinecraftServer.loadWorld0(MinecraftServer.java:703) ~[paper-1.21.5.jar:1.21.5-114-a1b3058]
	at net.minecraft.server.MinecraftServer.loadLevel(MinecraftServer.java:486) ~[paper-1.21.5.jar:1.21.5-114-a1b3058]
	at net.minecraft.server.dedicated.DedicatedServer.initServer(DedicatedServer.java:280) ~[paper-1.21.5.jar:1.21.5-114-a1b3058]
	at net.minecraft.server.MinecraftServer.runServer(MinecraftServer.java:1161) ~[paper-1.21.5.jar:1.21.5-114-a1b3058]
	at net.minecraft.server.MinecraftServer.lambda$spin$2(MinecraftServer.java:308) ~[paper-1.21.5.jar:1.21.5-114-a1b3058]
	at java.base/java.lang.Thread.run(Thread.java:1583) ~[?:?]
[02:07:35] [Server thread/ERROR]: Error loading saved data: SavedDataType[chunks]
java.lang.ArrayIndexOutOfBoundsException: arraycopy: length -1 is negative
	at java.base/java.lang.System.arraycopy(Native Method) ~[?:?]
	at java.base/java.io.PushbackInputStream.unread(PushbackInputStream.java:247) ~[?:?]
	at net.minecraft.world.level.storage.DimensionDataStorage.isGzip(DimensionDataStorage.java:140) ~[paper-1.21.5.jar:1.21.5-114-a1b3058]
	at net.minecraft.world.level.storage.DimensionDataStorage.readTagFromDisk(DimensionDataStorage.java:113) ~[paper-1.21.5.jar:1.21.5-114-a1b3058]
	at net.minecraft.world.level.storage.DimensionDataStorage.readSavedData(DimensionDataStorage.java:86) ~[paper-1.21.5.jar:1.21.5-114-a1b3058]
	at net.minecraft.world.level.storage.DimensionDataStorage.get(DimensionDataStorage.java:74) ~[paper-1.21.5.jar:1.21.5-114-a1b3058]
	at net.minecraft.world.level.storage.DimensionDataStorage.computeIfAbsent(DimensionDataStorage.java:60) ~[paper-1.21.5.jar:1.21.5-114-a1b3058]
	at net.minecraft.server.level.ServerChunkCache.<init>(ServerChunkCache.java:214) ~[paper-1.21.5.jar:1.21.5-114-a1b3058]
	at net.minecraft.server.level.ServerLevel.<init>(ServerLevel.java:616) ~[paper-1.21.5.jar:1.21.5-114-a1b3058]
	at net.minecraft.server.MinecraftServer.loadWorld0(MinecraftServer.java:703) ~[paper-1.21.5.jar:1.21.5-114-a1b3058]
	at net.minecraft.server.MinecraftServer.loadLevel(MinecraftServer.java:486) ~[paper-1.21.5.jar:1.21.5-114-a1b3058]
	at net.minecraft.server.dedicated.DedicatedServer.initServer(DedicatedServer.java:280) ~[paper-1.21.5.jar:1.21.5-114-a1b3058]
	at net.minecraft.server.MinecraftServer.runServer(MinecraftServer.java:1161) ~[paper-1.21.5.jar:1.21.5-114-a1b3058]
	at net.minecraft.server.MinecraftServer.lambda$spin$2(MinecraftServer.java:308) ~[paper-1.21.5.jar:1.21.5-114-a1b3058]
	at java.base/java.lang.Thread.run(Thread.java:1583) ~[?:?]
[02:07:35] [Server thread/ERROR]: Error loading saved data: SavedDataType[raids_end]
java.lang.ArrayIndexOutOfBoundsException: arraycopy: length -1 is negative
	at java.base/java.lang.System.arraycopy(Native Method) ~[?:?]
	at java.base/java.io.PushbackInputStream.unread(PushbackInputStream.java:247) ~[?:?]
	at net.minecraft.world.level.storage.DimensionDataStorage.isGzip(DimensionDataStorage.java:140) ~[paper-1.21.5.jar:1.21.5-114-a1b3058]
	at net.minecraft.world.level.storage.DimensionDataStorage.readTagFromDisk(DimensionDataStorage.java:113) ~[paper-1.21.5.jar:1.21.5-114-a1b3058]
	at net.minecraft.world.level.storage.DimensionDataStorage.readSavedData(DimensionDataStorage.java:86) ~[paper-1.21.5.jar:1.21.5-114-a1b3058]
	at net.minecraft.world.level.storage.DimensionDataStorage.get(DimensionDataStorage.java:74) ~[paper-1.21.5.jar:1.21.5-114-a1b3058]
	at net.minecraft.world.level.storage.DimensionDataStorage.computeIfAbsent(DimensionDataStorage.java:60) ~[paper-1.21.5.jar:1.21.5-114-a1b3058]
	at net.minecraft.server.level.ServerLevel.<init>(ServerLevel.java:631) ~[paper-1.21.5.jar:1.21.5-114-a1b3058]
	at net.minecraft.server.MinecraftServer.loadWorld0(MinecraftServer.java:703) ~[paper-1.21.5.jar:1.21.5-114-a1b3058]
	at net.minecraft.server.MinecraftServer.loadLevel(MinecraftServer.java:486) ~[paper-1.21.5.jar:1.21.5-114-a1b3058]
	at net.minecraft.server.dedicated.DedicatedServer.initServer(DedicatedServer.java:280) ~[paper-1.21.5.jar:1.21.5-114-a1b3058]
	at net.minecraft.server.MinecraftServer.runServer(MinecraftServer.java:1161) ~[paper-1.21.5.jar:1.21.5-114-a1b3058]
	at net.minecraft.server.MinecraftServer.lambda$spin$2(MinecraftServer.java:308) ~[paper-1.21.5.jar:1.21.5-114-a1b3058]
	at java.base/java.lang.Thread.run(Thread.java:1583) ~[?:?]
[02:07:35] [Server thread/INFO]: Preparing start region for dimension minecraft:overworld
[02:07:35] [Server thread/INFO]: Preparing spawn area: 0%
[02:07:37] [Server thread/INFO]: Preparing spawn area: 0%
[02:07:37] [Server thread/INFO]: Preparing spawn area: 0%
[02:07:37] [Server thread/INFO]: Preparing spawn area: 0%
[02:07:38] [Server thread/INFO]: Preparing spawn area: 0%
[02:07:38] [Server thread/INFO]: Preparing spawn area: 0%
[02:07:38] [Server thread/INFO]: Time elapsed: 2802 ms
[02:07:38] [Server thread/INFO]: Preparing start region for dimension minecraft:the_nether
[02:07:38] [Server thread/INFO]: Preparing spawn area: 0%
[02:07:38] [Server thread/INFO]: Time elapsed: 163 ms
[02:07:38] [Server thread/INFO]: Preparing start region for dimension minecraft:the_end
[02:07:38] [Server thread/INFO]: Preparing spawn area: 0%
[02:07:38] [Server thread/INFO]: Time elapsed: 62 ms
[02:07:39] [Server thread/INFO]: [spark] Starting background profiler...
[02:07:39] [Server thread/INFO]: Done preparing level "world" (4.001s)
[02:07:39] [Server thread/INFO]: Running delayed init tasks
[02:07:39] [Server thread/INFO]: Done (14.534s)! For help, type "help"
[02:07:39] [Server thread/ERROR]: Error loading saved data: SavedDataType[command_storage_tryashtar.shulker_preview]
java.lang.ArrayIndexOutOfBoundsException: arraycopy: length -1 is negative
	at java.base/java.lang.System.arraycopy(Native Method) ~[?:?]
	at java.base/java.io.PushbackInputStream.unread(PushbackInputStream.java:247) ~[?:?]
	at net.minecraft.world.level.storage.DimensionDataStorage.isGzip(DimensionDataStorage.java:140) ~[paper-1.21.5.jar:1.21.5-114-a1b3058]
	at net.minecraft.world.level.storage.DimensionDataStorage.readTagFromDisk(DimensionDataStorage.java:113) ~[paper-1.21.5.jar:1.21.5-114-a1b3058]
	at net.minecraft.world.level.storage.DimensionDataStorage.readSavedData(DimensionDataStorage.java:86) ~[paper-1.21.5.jar:1.21.5-114-a1b3058]
	at net.minecraft.world.level.storage.DimensionDataStorage.get(DimensionDataStorage.java:74) ~[paper-1.21.5.jar:1.21.5-114-a1b3058]
	at net.minecraft.world.level.storage.CommandStorage.getContainer(CommandStorage.java:36) ~[paper-1.21.5.jar:1.21.5-114-a1b3058]
	at net.minecraft.world.level.storage.CommandStorage.get(CommandStorage.java:26) ~[paper-1.21.5.jar:1.21.5-114-a1b3058]
	at net.minecraft.server.commands.data.StorageDataAccessor.getData(StorageDataAccessor.java:59) ~[paper-1.21.5.jar:1.21.5-114-a1b3058]
	at net.minecraft.server.commands.data.DataCommands.manipulateData(DataCommands.java:346) ~[paper-1.21.5.jar:1.21.5-114-a1b3058]
	at net.minecraft.server.commands.data.DataCommands.lambda$decorateModification$36(DataCommands.java:295) ~[paper-1.21.5.jar:1.21.5-114-a1b3058]
	at com.mojang.brigadier.context.ContextChain.runExecutable(ContextChain.java:73) ~[brigadier-1.3.10.jar:?]
	at net.minecraft.commands.execution.tasks.ExecuteCommand.execute(ExecuteCommand.java:30) ~[paper-1.21.5.jar:1.21.5-114-a1b3058]
	at net.minecraft.commands.execution.tasks.ExecuteCommand.execute(ExecuteCommand.java:13) ~[paper-1.21.5.jar:1.21.5-114-a1b3058]
	at net.minecraft.commands.execution.UnboundEntryAction.lambda$bind$0(UnboundEntryAction.java:8) ~[paper-1.21.5.jar:1.21.5-114-a1b3058]
	at net.minecraft.commands.execution.CommandQueueEntry.execute(CommandQueueEntry.java:5) ~[paper-1.21.5.jar:1.21.5-114-a1b3058]
	at net.minecraft.commands.execution.ExecutionContext.runCommandQueue(ExecutionContext.java:105) ~[paper-1.21.5.jar:1.21.5-114-a1b3058]
	at net.minecraft.commands.Commands.executeCommandInContext(Commands.java:449) ~[paper-1.21.5.jar:1.21.5-114-a1b3058]
	at net.minecraft.server.ServerFunctionManager.execute(ServerFunctionManager.java:68) ~[paper-1.21.5.jar:1.21.5-114-a1b3058]
	at net.minecraft.server.ServerFunctionManager.executeTagFunctions(ServerFunctionManager.java:56) ~[paper-1.21.5.jar:1.21.5-114-a1b3058]
	at net.minecraft.server.ServerFunctionManager.tick(ServerFunctionManager.java:45) ~[paper-1.21.5.jar:1.21.5-114-a1b3058]
	at net.minecraft.server.MinecraftServer.tickChildren(MinecraftServer.java:1674) ~[paper-1.21.5.jar:1.21.5-114-a1b3058]
	at net.minecraft.server.MinecraftServer.tickServer(MinecraftServer.java:1527) ~[paper-1.21.5.jar:1.21.5-114-a1b3058]
	at net.minecraft.server.MinecraftServer.runServer(MinecraftServer.java:1249) ~[paper-1.21.5.jar:1.21.5-114-a1b3058]
	at net.minecraft.server.MinecraftServer.lambda$spin$2(MinecraftServer.java:308) ~[paper-1.21.5.jar:1.21.5-114-a1b3058]
	at java.base/java.lang.Thread.run(Thread.java:1583) ~[?:?]
[02:07:39] [Server thread/ERROR]: Error loading saved data: SavedDataType[command_storage_siscu]
java.lang.ArrayIndexOutOfBoundsException: arraycopy: length -1 is negative
	at java.base/java.lang.System.arraycopy(Native Method) ~[?:?]
	at java.base/java.io.PushbackInputStream.unread(PushbackInputStream.java:247) ~[?:?]
	at net.minecraft.world.level.storage.DimensionDataStorage.isGzip(DimensionDataStorage.java:140) ~[paper-1.21.5.jar:1.21.5-114-a1b3058]
	at net.minecraft.world.level.storage.DimensionDataStorage.readTagFromDisk(DimensionDataStorage.java:113) ~[paper-1.21.5.jar:1.21.5-114-a1b3058]
	at net.minecraft.world.level.storage.DimensionDataStorage.readSavedData(DimensionDataStorage.java:86) ~[paper-1.21.5.jar:1.21.5-114-a1b3058]
	at net.minecraft.world.level.storage.DimensionDataStorage.get(DimensionDataStorage.java:74) ~[paper-1.21.5.jar:1.21.5-114-a1b3058]
	at net.minecraft.world.level.storage.CommandStorage.getContainer(CommandStorage.java:36) ~[paper-1.21.5.jar:1.21.5-114-a1b3058]
	at net.minecraft.world.level.storage.CommandStorage.get(CommandStorage.java:26) ~[paper-1.21.5.jar:1.21.5-114-a1b3058]
	at net.minecraft.server.commands.data.StorageDataAccessor.getData(StorageDataAccessor.java:59) ~[paper-1.21.5.jar:1.21.5-114-a1b3058]
	at net.minecraft.server.commands.ExecuteCommand.checkMatchingData(ExecuteCommand.java:835) ~[paper-1.21.5.jar:1.21.5-114-a1b3058]
	at net.minecraft.server.commands.ExecuteCommand.lambda$addConditionals$60(ExecuteCommand.java:760) ~[paper-1.21.5.jar:1.21.5-114-a1b3058]
	at com.mojang.brigadier.context.ContextChain.runModifier(ContextChain.java:60) ~[brigadier-1.3.10.jar:?]
	at net.minecraft.commands.execution.tasks.BuildContexts.execute(BuildContexts.java:67) ~[paper-1.21.5.jar:1.21.5-114-a1b3058]
	at net.minecraft.commands.execution.tasks.BuildContexts$Unbound.execute(BuildContexts.java:172) ~[paper-1.21.5.jar:1.21.5-114-a1b3058]
	at net.minecraft.commands.execution.tasks.BuildContexts$Unbound.execute(BuildContexts.java:164) ~[paper-1.21.5.jar:1.21.5-114-a1b3058]
	at net.minecraft.commands.execution.UnboundEntryAction.lambda$bind$0(UnboundEntryAction.java:8) ~[paper-1.21.5.jar:1.21.5-114-a1b3058]
	at net.minecraft.commands.execution.CommandQueueEntry.execute(CommandQueueEntry.java:5) ~[paper-1.21.5.jar:1.21.5-114-a1b3058]
	at net.minecraft.commands.execution.ExecutionContext.runCommandQueue(ExecutionContext.java:105) ~[paper-1.21.5.jar:1.21.5-114-a1b3058]
	at net.minecraft.commands.Commands.executeCommandInContext(Commands.java:449) ~[paper-1.21.5.jar:1.21.5-114-a1b3058]
	at net.minecraft.server.ServerFunctionManager.execute(ServerFunctionManager.java:68) ~[paper-1.21.5.jar:1.21.5-114-a1b3058]
	at net.minecraft.server.ServerFunctionManager.executeTagFunctions(ServerFunctionManager.java:56) ~[paper-1.21.5.jar:1.21.5-114-a1b3058]
	at net.minecraft.server.ServerFunctionManager.tick(ServerFunctionManager.java:45) ~[paper-1.21.5.jar:1.21.5-114-a1b3058]
	at net.minecraft.server.MinecraftServer.tickChildren(MinecraftServer.java:1674) ~[paper-1.21.5.jar:1.21.5-114-a1b3058]
	at net.minecraft.server.MinecraftServer.tickServer(MinecraftServer.java:1527) ~[paper-1.21.5.jar:1.21.5-114-a1b3058]
	at net.minecraft.server.MinecraftServer.runServer(MinecraftServer.java:1249) ~[paper-1.21.5.jar:1.21.5-114-a1b3058]
	at net.minecraft.server.MinecraftServer.lambda$spin$2(MinecraftServer.java:308) ~[paper-1.21.5.jar:1.21.5-114-a1b3058]
	at java.base/java.lang.Thread.run(Thread.java:1583) ~[?:?]
[02:07:39] [Server thread/ERROR]: Error loading saved data: SavedDataType[command_storage_graves]
java.lang.ArrayIndexOutOfBoundsException: arraycopy: length -1 is negative
	at java.base/java.lang.System.arraycopy(Native Method) ~[?:?]
	at java.base/java.io.PushbackInputStream.unread(PushbackInputStream.java:247) ~[?:?]
	at net.minecraft.world.level.storage.DimensionDataStorage.isGzip(DimensionDataStorage.java:140) ~[paper-1.21.5.jar:1.21.5-114-a1b3058]
	at net.minecraft.world.level.storage.DimensionDataStorage.readTagFromDisk(DimensionDataStorage.java:113) ~[paper-1.21.5.jar:1.21.5-114-a1b3058]
	at net.minecraft.world.level.storage.DimensionDataStorage.readSavedData(DimensionDataStorage.java:86) ~[paper-1.21.5.jar:1.21.5-114-a1b3058]
	at net.minecraft.world.level.storage.DimensionDataStorage.get(DimensionDataStorage.java:74) ~[paper-1.21.5.jar:1.21.5-114-a1b3058]
	at net.minecraft.world.level.storage.CommandStorage.getContainer(CommandStorage.java:36) ~[paper-1.21.5.jar:1.21.5-114-a1b3058]
	at net.minecraft.world.level.storage.CommandStorage.get(CommandStorage.java:26) ~[paper-1.21.5.jar:1.21.5-114-a1b3058]
	at net.minecraft.server.commands.data.StorageDataAccessor.getData(StorageDataAccessor.java:59) ~[paper-1.21.5.jar:1.21.5-114-a1b3058]
	at net.minecraft.server.commands.data.DataCommands.manipulateData(DataCommands.java:346) ~[paper-1.21.5.jar:1.21.5-114-a1b3058]
	at net.minecraft.server.commands.data.DataCommands.lambda$decorateModification$36(DataCommands.java:295) ~[paper-1.21.5.jar:1.21.5-114-a1b3058]
	at com.mojang.brigadier.context.ContextChain.runExecutable(ContextChain.java:73) ~[brigadier-1.3.10.jar:?]
	at net.minecraft.commands.execution.tasks.ExecuteCommand.execute(ExecuteCommand.java:30) ~[paper-1.21.5.jar:1.21.5-114-a1b3058]
	at net.minecraft.commands.execution.tasks.ExecuteCommand.execute(ExecuteCommand.java:13) ~[paper-1.21.5.jar:1.21.5-114-a1b3058]
	at net.minecraft.commands.execution.UnboundEntryAction.lambda$bind$0(UnboundEntryAction.java:8) ~[paper-1.21.5.jar:1.21.5-114-a1b3058]
	at net.minecraft.commands.execution.CommandQueueEntry.execute(CommandQueueEntry.java:5) ~[paper-1.21.5.jar:1.21.5-114-a1b3058]
	at net.minecraft.commands.execution.ExecutionContext.runCommandQueue(ExecutionContext.java:105) ~[paper-1.21.5.jar:1.21.5-114-a1b3058]
	at net.minecraft.commands.Commands.executeCommandInContext(Commands.java:449) ~[paper-1.21.5.jar:1.21.5-114-a1b3058]
	at net.minecraft.server.ServerFunctionManager.execute(ServerFunctionManager.java:68) ~[paper-1.21.5.jar:1.21.5-114-a1b3058]
	at net.minecraft.server.ServerFunctionManager.executeTagFunctions(ServerFunctionManager.java:56) ~[paper-1.21.5.jar:1.21.5-114-a1b3058]
	at net.minecraft.server.ServerFunctionManager.tick(ServerFunctionManager.java:45) ~[paper-1.21.5.jar:1.21.5-114-a1b3058]
	at net.minecraft.server.MinecraftServer.tickChildren(MinecraftServer.java:1674) ~[paper-1.21.5.jar:1.21.5-114-a1b3058]
	at net.minecraft.server.MinecraftServer.tickServer(MinecraftServer.java:1527) ~[paper-1.21.5.jar:1.21.5-114-a1b3058]
	at net.minecraft.server.MinecraftServer.runServer(MinecraftServer.java:1249) ~[paper-1.21.5.jar:1.21.5-114-a1b3058]
	at net.minecraft.server.MinecraftServer.lambda$spin$2(MinecraftServer.java:308) ~[paper-1.21.5.jar:1.21.5-114-a1b3058]
	at java.base/java.lang.Thread.run(Thread.java:1583) ~[?:?]
[02:07:40] [User Authenticator #0/INFO]: UUID of player JPOLKO is e49ea68c-6b63-36aa-b865-48ca087b01e5
[02:07:42] [Server thread/INFO]: JPOLKO joined the game
[02:07:42] [Server thread/INFO]: JPOLKO[/127.192.12.116:43233] logged in with entity id 379 at ([world]281.132888524468, 80.0, 655.7605076691252)
[02:07:55] [User Authenticator #0/INFO]: UUID of player Camilo912a is 214fa58a-b1c8-3354-b45f-665835f641ea
[02:07:56] [Server thread/INFO]: Camilo912a joined the game
[02:07:56] [Server thread/INFO]: Camilo912a[/127.190.110.151:34693] logged in with entity id 712 at ([world]276.67366768391076, 78.0, 637.2794722272062)
[02:08:11] [Server thread/INFO]: JPOLKO has made the advancement [Acquire Hardware]
[02:09:21] [Server thread/INFO]: JPOLKO issued server command: /trigger ch_toggle
[02:09:21] [Server thread/INFO]: [JPOLKO: Triggered [toggle coordinates hud]]
[02:20:01] [Server thread/INFO]: Villager Villager['Villager'/35, uuid='3da9feca-1c12-458e-a608-67e3e2fe1e26', l='ServerLevel[world]', x=-25.85, y=67.19, z=70.30, cpos=[-2, 4], tl=14847, v=true] died, message: 'Villager was squished too much'
[02:20:51] [Server thread/INFO]: Villager Villager['Villager'/41, uuid='718e41eb-bc44-416f-ab0c-35e78ca0cfd1', l='ServerLevel[world]', x=-25.83, y=67.29, z=70.30, cpos=[-2, 4], tl=15854, v=true] died, message: 'Villager was squished too much'
[02:29:01] [Server thread/INFO]: JPOLKO has made the advancement [Monster Hunter]
